
> gymapp@0.1.0 build
> next build

node.exe : (node:27312) [MODULE_TYPELESS_PACKAGE_JSON] Warning: Module type of 
file:///C:/Users/diogo/OneDrive/Documentos/GymApp/next.config.js is not 
specified and it doesn't parse as CommonJS.
At line:1 char:1
+ & "C:\Program Files\nodejs/node.exe" "C:\Program Files\nodejs/node_mo ...
+ ~~~~~~~~~~~~~~~~~~~~~~~~~~~~~~~~~~~~~~~~~~~~~~~~~~~~~~~~~~~~~~~~~~~~~
    + CategoryInfo          : NotSpecified: ((node:27312) [M...se as CommonJS. 
   :String) [], RemoteException
    + FullyQualifiedErrorId : NativeCommandError
 
Reparsing as ES module because module syntax was detected. This incurs a 
performance overhead.
To eliminate this warning, add "type": "module" to 
C:\Users\diogo\OneDrive\Documentos\GymApp\package.json.
(Use `node --trace-warnings ...` to show where the warning was created)
  Ôû▓ Next.js 14.2.35
  - Environments: .env.local

   Creating an optimized production build ...
(node:29940) [MODULE_TYPELESS_PACKAGE_JSON] Warning: Module type of 
file:///C:/Users/diogo/OneDrive/Documentos/GymApp/next.config.js is not 
specified and it doesn't parse as CommonJS.
Reparsing as ES module because module syntax was detected. This incurs a 
performance overhead.
To eliminate this warning, add "type": "module" to 
C:\Users\diogo\OneDrive\Documentos\GymApp\package.json.
(Use `node --trace-warnings ...` to show where the warning was created)
Failed to compile.

./src/components/dashboard/DashboardPage.tsx
Error: 
  [31mx[0m Expected a semicolon
     ,-[[36;1;4mC:\Users\diogo\OneDrive\Documentos\GymApp\src\components\dashb
oard\DashboardPage.tsx[0m:239:1]
 [2m239[0m |       ];
 [2m240[0m | 
 [2m241[0m |       const eventDates = Array.from(new Set(events.map((event) 
=> event.date)));
 [2m242[0m |       const attendanceByDate = novo Map<string, Set<string>>();
     : [31;1m                                    ^^^[0m
 [2m243[0m | 
 [2m244[0m |       await Promise.all(
 [2m244[0m |         eventDates.map(async (dateKey) => {
     `----

  [31mx[0m Expected ',', got 'Set'
     ,-[[36;1;4mC:\Users\diogo\OneDrive\Documentos\GymApp\src\components\dashb
oard\DashboardPage.tsx[0m:248:1]
 [2m248[0m |             attendanceByDate.set(dateKey, new Set(attendedIds));
 [2m249[0m |           } catch (error) {
 [2m250[0m |             console.error('dashboard attendance filter fetch 
error', { dateKey, error });
 [2m251[0m |             attendanceByDate.set(dateKey, novo Set<string>());
     : [31;1m                                               ^^^[0m
 [2m252[0m |           }
 [2m253[0m |         })
 [2m253[0m |       );
     `----

Caused by:
    Syntax Error

Import trace for requested module:
./src/components/dashboard/DashboardPage.tsx
./src/app/dashboard/page.tsx

./src/app/leads/page.tsx
Error: 
  [31mx[0m Expected ';', got 'Promise'
     ,-[[36;1;4mC:\Users\diogo\OneDrive\Documentos\GymApp\src\app\leads\page.t
sx[0m:135:1]
 [2m135[0m |   };
 [2m136[0m | 
 [2m137[0m |   const fileToBase64 = (file: File): Promise<string> => {
 [2m138[0m |     return novo Promise((resolve, reject) => {
     : [31;1m                ^^^^^^^[0m
 [2m139[0m |       const reader = novo FileReader();
 [2m140[0m |       reader.onload = () => {
 [2m140[0m |         const result = reader.result as string;
     `----

Caused by:
    Syntax Error

Import trace for requested module:
./src/app/leads/page.tsx

./src/app/payments/page.tsx
Error: 
  [31mx[0m Expected a semicolon
     ,-[[36;1;4mC:\Users\diogo\OneDrive\Documentos\GymApp\src\app\payments\pag
e.tsx[0m:133:1]
 [2m133[0m | const toDatetimeLocalValue = (isoDate: string): string => 
`${isoDate}T12:00`
 [2m134[0m | 
 [2m135[0m | const extractRowValue = (row: Record<string, unknown>, 
candidates: string[]): unknown => {
 [2m136[0m |   const keyMap = novo Map<string, unknown>()
     : [31;1m                      ^^^[0m
 [2m137[0m |   Object.entries(row).forEach(([key, value]) => {
 [2m138[0m |     const normalizedKey = 
key.toLowerCase().replace(/[\s_\-]+/g, '')
 [2m138[0m |     keyMap.set(normalizedKey, value)
     `----

  [31mx[0m Expected a semicolon
     ,-[[36;1;4mC:\Users\diogo\OneDrive\Documentos\GymApp\src\app\payments\pag
e.tsx[0m:207:1]
 [2m207[0m |   const phoneMatches = phone ? members.filter((member) => 
normalizePhone(member.phone) === phone) : []
 [2m208[0m |   const emailMatches = email ? members.filter((member) => 
normalizeEmail(member.email) === email) : []
 [2m209[0m | 
 [2m210[0m |   const merged = novo Map<string, MemberPaymentView>()
     : [31;1m                      ^^^[0m
 [2m211[0m |   phoneMatches.forEach((member) => merged.set(member.id, 
member))
 [2m212[0m |   emailMatches.forEach((member) => merged.set(member.id, 
member))
 [2m212[0m | 
     `----

  [31mx[0m Expected a semicolon
     ,-[[36;1;4mC:\Users\diogo\OneDrive\Documentos\GymApp\src\app\payments\pag
e.tsx[0m:327:1]
 [2m327[0m |   }, [refreshPaidMonth])
 [2m328[0m | 
 [2m329[0m |   const memberNameMap = useMemo(() => {
 [2m330[0m |     const map = novo Map<string, string>()
     : [31;1m                     ^^^[0m
 [2m331[0m |     members.forEach((member) => {
 [2m332[0m |       map.set(member.id, member.name)
 [2m332[0m |     })
     `----

  [31mx[0m Expected a semicolon
     ,-[[36;1;4mC:\Users\diogo\OneDrive\Documentos\GymApp\src\app\payments\pag
e.tsx[0m:346:1]
 [2m346[0m |   }, [members, overdueDays, paidMonthMemberMap, 
showOverdueList])
 [2m347[0m | 
 [2m348[0m |   const activeMemberIds = useMemo(() => {
 [2m349[0m |     const ids = novo Set<string>()
     : [31;1m                     ^^^[0m
 [2m350[0m |     members.forEach((member) => {
 [2m351[0m |       if (!isRequestMember(member)) {
 [2m351[0m |         ids.add(member.id)
     `----

  [31mx[0m Expected ';', got 'Promise'
     ,-[[36;1;4mC:\Users\diogo\OneDrive\Documentos\GymApp\src\app\payments\pag
e.tsx[0m:459:1]
 [2m459[0m |   }
 [2m460[0m | 
 [2m461[0m |   const fileToBase64 = (file: File): Promise<string> => {
 [2m462[0m |     return novo Promise((resolve, reject) => {
     : [31;1m                ^^^^^^^[0m
 [2m463[0m |       const reader = novo FileReader()
 [2m464[0m |       reader.onload = () => {
 [2m464[0m |         const result = reader.result as string
     `----

Caused by:
    Syntax Error

Import trace for requested module:
./src/app/payments/page.tsx

./src/app/settings/staff/page.tsx
Error: 
  [31mx[0m Expected ';', got 'Erro'
    ,-[[36;1;4mC:\Users\diogo\OneDrive\Documentos\GymApp\src\app\settings\staf
f\page.tsx[0m:46:1]
 [2m46[0m |       const json = await res.json()
 [2m47[0m | 
 [2m48[0m |       if (!res.ok) {
 [2m49[0m |         throw novo Erro(json?.error || 'Falhado to load staff 
list.')
    : [31;1m                   ^^^^[0m
 [2m50[0m |       }
 [2m51[0m | 
 [2m51[0m |       setItems(Array.isArray(json?.items) ? json.items : [])
    `----

Caused by:
    Syntax Error

Import trace for requested module:
./src/app/settings/staff/page.tsx

./src/components/attendance/AttendancePage.tsx
Error: 
  [31mx[0m Expected a semicolon
     ,-[[36;1;4mC:\Users\diogo\OneDrive\Documentos\GymApp\src\components\atten
dance\AttendancePage.tsx[0m:106:1]
 [2m106[0m | 
 [2m107[0m |   useEffect(() => {
 [2m108[0m |     if (typeof window === 'undefined') return;
 [2m109[0m |     const dateParam = novo 
URLSearchParams(window.location.search).get('date');
     : [31;1m                           ^^^^^^^^^^^^^^^[0m
 [2m110[0m |     if (!dateParam || !/^\d{4}-\d{2}-\d{2}$/.test(dateParam)) 
return;
 [2m111[0m |     setSelectedDate(dateParam);
 [2m111[0m |     setVisibleMonth(getMonthStart(parseDateKey(dateParam)));
     `----

Caused by:
    Syntax Error

Import trace for requested module:
./src/components/attendance/AttendancePage.tsx
./src/app/attendance/page.tsx


> Build failed because of webpack errors
